[2026-05-14T11:02:22.940+0000] {manager.py:470} INFO - Processing files using up to 1 processes at a time 
[2026-05-14T11:02:22.942+0000] {manager.py:471} INFO - Process each file at most once every 30 seconds
[2026-05-14T11:02:22.943+0000] {manager.py:472} INFO - Checking for new files in /opt/airflow/dags every 300 seconds
[2026-05-14T11:02:22.945+0000] {manager.py:737} INFO - Searching for files in /opt/airflow/dags
[2026-05-14T11:02:22.991+0000] {manager.py:740} INFO - There are 2 files in /opt/airflow/dags
[2026-05-14T11:02:23.735+0000] {manager.py:878} INFO - 
================================================================================
DAG File Processing Stats

File Path                               PID    Runtime      # DAGs    # Errors  Last Runtime    Last Run
--------------------------------------  -----  ---------  --------  ----------  --------------  -------------------
/opt/airflow/dags/liveusage_pipline.py                           1           0  0.61s           2026-05-14T11:02:23
/opt/airflow/dags/iptv_pipline.py                                0           0
================================================================================
[2026-05-14T11:02:54.974+0000] {manager.py:878} INFO - 
================================================================================
DAG File Processing Stats

File Path                               PID    Runtime      # DAGs    # Errors  Last Runtime    Last Run
--------------------------------------  -----  ---------  --------  ----------  --------------  -------------------
/opt/airflow/dags/iptv_pipline.py                                1           0  0.81s           2026-05-14T11:02:25
/opt/airflow/dags/liveusage_pipline.py                           1           0  0.61s           2026-05-14T11:02:54
================================================================================
[2026-05-14T11:03:26.219+0000] {manager.py:878} INFO - 
================================================================================
DAG File Processing Stats

File Path                               PID    Runtime      # DAGs    # Errors  Last Runtime    Last Run
--------------------------------------  -----  ---------  --------  ----------  --------------  -------------------
/opt/airflow/dags/iptv_pipline.py                                1           0  0.81s           2026-05-14T11:02:56
/opt/airflow/dags/liveusage_pipline.py                           1           0  0.52s           2026-05-14T11:03:26
================================================================================
[2026-05-14T11:03:57.773+0000] {manager.py:878} INFO - 
================================================================================
DAG File Processing Stats

File Path                               PID    Runtime      # DAGs    # Errors  Last Runtime    Last Run
--------------------------------------  -----  ---------  --------  ----------  --------------  -------------------
/opt/airflow/dags/liveusage_pipline.py                           1           0  0.71s           2026-05-14T11:03:57
/opt/airflow/dags/iptv_pipline.py                                1           0  0.70s           2026-05-14T11:03:27
================================================================================
